Testing Sumsub Token Generation...
User ID: test-user-123
Level Name: id-and-phone-verification
App Token: Present
Secret Key: Present
API URL: https://api.sumsub.com
node : Error 
generating token: 
The "key" argument 
must be of type 
string or an 
instance of 
ArrayBuffer, Buffer, 
TypedArray, 
DataView, KeyObject, 
or CryptoKey. 
Received undefined
At line:1 char:1
+ node test_sumsub_di
rect.js > 
test_output.txt 2>&1
+ ~~~~~~~~~~~~~~~~~~~
~~~~~~~~~~~~~~~~~~~~~
~~~~~~~~~
    + CategoryInfo   
           : NotSpe  
  cified: (Error g   
 eneratin...eived    
 undefined:Strin    
g) [], RemoteExc    
eption
    + FullyQualified 
   ErrorId : Native  
  CommandError
 
